
Discarded input sections

 .rodata.str1.1
                0x00000000       0x53 build/bonus_bonus_kernel.o
 .rodata.str1.4
                0x00000000       0x20 build/bonus_bonus_kernel.o
 .comment       0x00000000       0x2c build/bonus_bonus_kernel.o
 .note.GNU-stack
                0x00000000        0x0 build/bonus_bonus_kernel.o
 .comment       0x00000000       0x2c build/bonus_keyboard.o
 .note.GNU-stack
                0x00000000        0x0 build/bonus_keyboard.o
 .comment       0x00000000       0x2c build/bonus_memory.o
 .note.GNU-stack
                0x00000000        0x0 build/bonus_memory.o
 .rodata.str1.1
                0x00000000      0x1d3 build/bonus_shell.o
 .rodata.str1.4
                0x00000000       0xc6 build/bonus_shell.o
 .comment       0x00000000       0x2c build/bonus_shell.o
 .note.GNU-stack
                0x00000000        0x0 build/bonus_shell.o
 .comment       0x00000000       0x2c build/bonus_string.o
 .note.GNU-stack
                0x00000000        0x0 build/bonus_string.o
 .rodata.str1.1
                0x00000000        0x3 build/bonus_vga.o
 .comment       0x00000000       0x2c build/bonus_vga.o
 .note.GNU-stack
                0x00000000        0x0 build/bonus_vga.o

Memory Configuration

Name             Origin             Length             Attributes
*default*        0x00000000         0xffffffff

Linker script and memory map

                0x00008000                        . = 0x8000

.text           0x00008000      0xe1c
 *(.text)
 .text          0x00008000       0x8f build/bonus_bonus_kernel.o
                0x00008000                bonus_main
 .text          0x0000808f       0xe5 build/bonus_keyboard.o
                0x0000808f                keyboard_init
                0x000080a4                keyboard_has_data
                0x000080aa                keyboard_get_scancode
                0x000080b6                scancode_to_ascii
 .text          0x00008174      0x217 build/bonus_memory.o
                0x00008174                memory_init
                0x000081b6                kmalloc
                0x0000823f                kfree
                0x000082bf                krealloc
                0x0000832b                memory_get_free
                0x0000835b                memory_get_used
 .text          0x0000838b      0x5ca build/bonus_shell.o
                0x0000838b                cmd_help
                0x00008400                cmd_echo
                0x00008464                cmd_version
                0x00008495                cmd_reboot
                0x000084de                cmd_clear
                0x000084ec                cmd_memory
                0x00008591                cmd_test
                0x000086b7                shell_init
                0x00008706                shell_parse_command
                0x000087a9                shell_execute_command
                0x00008841                shell_process_input
                0x0000891e                shell_run
 .text          0x00008955      0x1b5 build/bonus_string.o
                0x00008955                strlen
                0x00008973                strcmp
                0x0000899c                strcpy
                0x000089bc                strncpy
                0x00008a00                strncmp
                0x00008a45                strcat
                0x00008a7a                memset
                0x00008a9d                memcpy
                0x00008ac9                memcmp
 .text          0x00008b0a      0x312 build/bonus_vga.o
                0x00008b0a                vga_clear_screen
                0x00008b3c                vga_clear_line
                0x00008b6c                vga_set_cursor_position
                0x00008b8c                vga_get_cursor_position
                0x00008bad                vga_scroll_up
                0x00008bfd                vga_putchar_at
                0x00008c34                vga_putchar
                0x00008d02                vga_print_string
                0x00008d31                vga_print_string_at
                0x00008d6c                vga_print_number
                0x00008de5                vga_print_hex
                0x00008e07                vga_print_decimal

.rodata         0x00008e20      0x1e0
 *(.rodata)
 .rodata        0x00008e20      0x180 build/bonus_keyboard.o
 .rodata        0x00008fa0       0x60 build/bonus_shell.o

.data           0x00009000        0x0
 *(.data)
 .data          0x00009000        0x0 build/bonus_bonus_kernel.o
 .data          0x00009000        0x0 build/bonus_keyboard.o
 .data          0x00009000        0x0 build/bonus_memory.o
 .data          0x00009000        0x0 build/bonus_shell.o
 .data          0x00009000        0x0 build/bonus_string.o
 .data          0x00009000        0x0 build/bonus_vga.o

.bss            0x00009000      0x248
 *(.bss)
 .bss           0x00009000        0x0 build/bonus_bonus_kernel.o
 .bss           0x00009000        0x8 build/bonus_keyboard.o
 .bss           0x00009008        0x8 build/bonus_memory.o
 *fill*         0x00009010       0x10 
 .bss           0x00009020      0x220 build/bonus_shell.o
 .bss           0x00009240        0x0 build/bonus_string.o
 .bss           0x00009240        0x8 build/bonus_vga.o
LOAD build/bonus_bonus_kernel.o
LOAD build/bonus_keyboard.o
LOAD build/bonus_memory.o
LOAD build/bonus_shell.o
LOAD build/bonus_string.o
LOAD build/bonus_vga.o
OUTPUT(build/bonus_kernel.bin binary)

/DISCARD/
